🧠 TEST - Détection de Langue INTELLIGENTE ENSEMBLE

======================================================================

🇪 AR:
  ❌ HTTP 404: مرحبا، كيف حالك؟ أتمنى أن تكون بخير!...
  ❌ HTTP 404: السلام عليكم ورحمة الله وبركاته...
  ❌ HTTP 404: هذا نص عربي طويل يحتوي على كلمات متعددة ...
  ❌ HTTP 404: شكراً لك كثيراً على ما فعلته من أجلي، أن...

🇪 DE:
  ❌ HTTP 404: Guten Morgen! Wie geht es dir heute?...
  ❌ HTTP 404: Ich bin ein Programmierer und ich arbeit...
  ❌ HTTP 404: Äpfel, Öl, Überraschung, Glück - deutsch...
  ❌ HTTP 404: Das ist ein längerer deutsche Text mit v...

🇪 FR:
  ❌ HTTP 404: Bonjour, comment allez-vous aujourd'hui?...
  ❌ HTTP 404: Je m'appelle Pierre et je suis français ...
  ❌ HTTP 404: Les accents français: àâçèêëîïôùûüœæ son...
  ❌ HTTP 404: Ceci est un texte français assez long po...

🇪 EN:
  ❌ HTTP 404: Hello, how are you doing today?...
  ❌ HTTP 404: I am a software engineer working with Py...
  ❌ HTTP 404: The English language is spoken by many p...
  ❌ HTTP 404: This is a longer English text with multi...

🇪 ES:
  ❌ HTTP 404: ¡Hola! ¿Cómo estás hoy?...
  ❌ HTTP 404: Me llamo Juan y soy de España, de la ciu...
  ❌ HTTP 404: Los acentos españoles: ñ, á, é, í, ó, ú ...
  ❌ HTTP 404: Este es un texto español largo para prob...

🇪 PT:
  ❌ HTTP 404: Olá, como você está hoje?...
  ❌ HTTP 404: Meu nome é Carlos e sou programador bras...
  ❌ HTTP 404: Os acentos portugueses: ã, õ, á, é, í, ó...
  ❌ HTTP 404: Este é um texto português longo para tes...

🇪 IT:
  ❌ HTTP 404: Ciao! Come stai oggi?...
  ❌ HTTP 404: Mi chiamo Marco e sono un programmatore ...
  ❌ HTTP 404: Gli accenti italiani: à, è, é, ì, ò, ù c...
  ❌ HTTP 404: Questo è un testo italiano abbastanza lu...

🇪 RU:
  ❌ HTTP 404: Привет! Как дела?...
  ❌ HTTP 404: Меня зовут Иван и я русский программист....
  ❌ HTTP 404: Русский язык использует кириллицу вместо...
  ❌ HTTP 404: Это длинный русский текст для проверки и...

======================================================================

📊 RÉSUMÉ DES RÉSULTATS:

  ❌ AR: 0/4 (0%)
  ❌ DE: 0/4 (0%)
  ❌ EN: 0/4 (0%)
  ❌ ES: 0/4 (0%)
  ❌ FR: 0/4 (0%)
  ❌ IT: 0/4 (0%)
  ❌ PT: 0/4 (0%)
  ❌ RU: 0/4 (0%)

  📈 TOTAL: 0/32 (0%)
